/data/disk2/xby/conda_envs/tinysr/lib/python3.9/site-packages/diffusers/models/transformers/transformer_2d.py:34: FutureWarning: `Transformer2DModelOutput` is deprecated and will be removed in version 1.0.0. Importing `Transformer2DModelOutput` from `diffusers.models.transformer_2d` is deprecated and this will be removed in a future version. Please use `from diffusers.models.modeling_outputs import Transformer2DModelOutput`, instead.
  deprecate("Transformer2DModelOutput", "1.0.0", deprecation_message)
/data/disk2/xby/conda_envs/tinysr/lib/python3.9/site-packages/diffusers/models/transformers/transformer_2d.py:34: FutureWarning: `Transformer2DModelOutput` is deprecated and will be removed in version 1.0.0. Importing `Transformer2DModelOutput` from `diffusers.models.transformer_2d` is deprecated and this will be removed in a future version. Please use `from diffusers.models.modeling_outputs import Transformer2DModelOutput`, instead.
  deprecate("Transformer2DModelOutput", "1.0.0", deprecation_message)
05/27/2026 20:33:13 - INFO - __main__ - Distributed environment: MULTI_GPU  Backend: nccl
Num processes: 2
Process index: 0
Local process index: 0
Device: cuda:0

Mixed precision type: fp16

loading pos_embed
05/27/2026 20:33:13 - INFO - __main__ - Distributed environment: MULTI_GPU  Backend: nccl
Num processes: 2
Process index: 1
Local process index: 1
Device: cuda:1

Mixed precision type: fp16

loading pos_embed
All model checkpoint weights were used when initializing TinySD3Transformer2DModel.

Some weights of TinySD3Transformer2DModel were not initialized from the model checkpoint at checkpoint/tinybackbone/prune-12-merge-tinysr and are newly initialized: ['transformer_blocks.8.scale_mlp', 'shift', 'transformer_blocks.4.gate_mlp', 'transformer_blocks.2.shift_mlp', 'transformer_blocks.10.shift_msa', 'transformer_blocks.11.shift_mlp', 'transformer_blocks.9.scale_mlp', 'transformer_blocks.7.scale_msa', 'transformer_blocks.3.shift_mlp', 'transformer_blocks.6.scale_mlp', 'transformer_blocks.5.gate_mlp', 'transformer_blocks.2.gate_mlp', 'transformer_blocks.7.gate_msa', 'transformer_blocks.1.scale_mlp', 'transformer_blocks.9.gate_msa', 'transformer_blocks.7.scale_mlp', 'transformer_blocks.3.scale_msa', 'transformer_blocks.0.scale_msa', 'transformer_blocks.8.scale_msa', 'transformer_blocks.8.gate_msa', 'transformer_blocks.0.scale_mlp', 'transformer_blocks.2.scale_msa', 'transformer_blocks.7.shift_msa', 'transformer_blocks.1.shift_msa', 'transformer_blocks.8.gate_mlp', 'transformer_blocks.4.scale_msa', 'transformer_blocks.11.shift_msa', 'transformer_blocks.8.shift_mlp', 'transformer_blocks.9.scale_msa', 'transformer_blocks.0.shift_msa', 'transformer_blocks.5.scale_mlp', 'transformer_blocks.10.scale_mlp', 'transformer_blocks.4.scale_mlp', 'transformer_blocks.3.gate_msa', 'transformer_blocks.6.gate_mlp', 'transformer_blocks.11.scale_mlp', 'transformer_blocks.5.shift_msa', 'transformer_blocks.11.gate_mlp', 'transformer_blocks.4.shift_mlp', 'transformer_blocks.5.shift_mlp', 'transformer_blocks.0.gate_mlp', 'transformer_blocks.10.gate_msa', 'transformer_blocks.10.shift_mlp', 'transformer_blocks.5.gate_msa', 'transformer_blocks.7.gate_mlp', 'transformer_blocks.10.gate_mlp', 'transformer_blocks.9.shift_msa', 'transformer_blocks.3.shift_msa', 'transformer_blocks.11.gate_msa', 'transformer_blocks.8.shift_msa', 'transformer_blocks.9.gate_mlp', 'transformer_blocks.4.shift_msa', 'transformer_blocks.2.scale_mlp', 'transformer_blocks.3.scale_mlp', 'transformer_blocks.7.shift_mlp', 'transformer_blocks.6.scale_msa', 'transformer_blocks.10.scale_msa', 'transformer_blocks.6.shift_msa', 'transformer_blocks.6.shift_mlp', 'transformer_blocks.0.gate_msa', 'transformer_blocks.1.gate_msa', 'transformer_blocks.4.gate_msa', 'transformer_blocks.1.gate_mlp', 'transformer_blocks.0.shift_mlp', 'transformer_blocks.3.gate_mlp', 'transformer_blocks.6.gate_msa', 'transformer_blocks.5.scale_msa', 'transformer_blocks.1.shift_mlp', 'transformer_blocks.2.shift_msa', 'transformer_blocks.2.gate_msa', 'transformer_blocks.9.shift_mlp', 'transformer_blocks.1.scale_msa', 'transformer_blocks.11.scale_msa', 'scale']
You should probably TRAIN this model on a down-stream task to be able to use it for predictions and inference.
Some weights of TinySD3Transformer2DModel were not initialized from the model checkpoint at checkpoint/tinybackbone/prune-12-merge-tinysr and are newly initialized because the shapes did not match:
- pos_embed.pos_embed: found shape torch.Size([1, 36864, 1536]) in the checkpoint and torch.Size([1, 1024, 1536]) in the model instantiated
You should probably TRAIN this model on a down-stream task to be able to use it for predictions and inference.
loading pos_embed
loading pos_embed
[2026-05-27 20:33:19,049] torch.distributed.elastic.agent.server.api: [WARNING] Received Signals.SIGINT death signal, shutting down workers
[2026-05-27 20:33:19,050] torch.distributed.elastic.multiprocessing.api: [WARNING] Sending process 2602686 closing signal SIGINT
[2026-05-27 20:33:19,050] torch.distributed.elastic.multiprocessing.api: [WARNING] Sending process 2602687 closing signal SIGINT
Traceback (most recent call last):
  File "/data/disk2/xby/TinySR/train/train_stage1.py", line 906, in <module>
    main(args)
  File "/data/disk2/xby/TinySR/train/train_stage1.py", line 559, in main
    transformer = TinyPyramidSD3Transformer2DModel.from_flat_pretrained(
  File "/data/disk2/xby/TinySR/models/tinysr/pyramid_model.py", line 309, in from_flat_pretrained
    instance = cls(
  File "/data/disk2/xby/conda_envs/tinysr/lib/python3.9/site-packages/diffusers/configuration_utils.py", line 658, in inner_init
    init(self, *args, **init_kwargs)
  File "/data/disk2/xby/TinySR/models/tinysr/pyramid_model.py", line 79, in __init__
    blocks = nn.ModuleList([
  File "/data/disk2/xby/TinySR/models/tinysr/pyramid_model.py", line 80, in <listcomp>
    JointTransformerBlock(
  File "/data/disk2/xby/TinySR/models/tinysr/tinysd3block.py", line 331, in __init__
    self.attn = Attention(
  File "/data/disk2/xby/TinySR/models/tinysr/tinysd3block.py", line 80, in __init__
    self.to_out.append(nn.Linear(self.inner_dim, self.out_dim, bias=out_bias))
  File "/data/disk2/xby/conda_envs/tinysr/lib/python3.9/site-packages/torch/nn/modules/linear.py", line 103, in __init__
    self.reset_parameters()
  File "/data/disk2/xby/conda_envs/tinysr/lib/python3.9/site-packages/torch/nn/modules/linear.py", line 109, in reset_parameters
    init.kaiming_uniform_(self.weight, a=math.sqrt(5))
  File "/data/disk2/xby/conda_envs/tinysr/lib/python3.9/site-packages/torch/nn/init.py", line 459, in kaiming_uniform_
    return tensor.uniform_(-bound, bound, generator=generator)
KeyboardInterrupt
Traceback (most recent call last):
  File "/data/disk2/xby/TinySR/train/train_stage1.py", line 906, in <module>
    main(args)
  File "/data/disk2/xby/TinySR/train/train_stage1.py", line 559, in main
    transformer = TinyPyramidSD3Transformer2DModel.from_flat_pretrained(
  File "/data/disk2/xby/TinySR/models/tinysr/pyramid_model.py", line 309, in from_flat_pretrained
    instance = cls(
  File "/data/disk2/xby/conda_envs/tinysr/lib/python3.9/site-packages/diffusers/configuration_utils.py", line 658, in inner_init
    init(self, *args, **init_kwargs)
  File "/data/disk2/xby/TinySR/models/tinysr/pyramid_model.py", line 79, in __init__
    blocks = nn.ModuleList([
  File "/data/disk2/xby/TinySR/models/tinysr/pyramid_model.py", line 80, in <listcomp>
    JointTransformerBlock(
  File "/data/disk2/xby/TinySR/models/tinysr/tinysd3block.py", line 344, in __init__
    self.ff = FeedForward(dim=dim, dim_out=dim, activation_fn="gelu-approximate")
  File "/data/disk2/xby/TinySR/models/tinysr/tinysd3block.py", line 462, in __init__
    act_fn = GELU(dim, inner_dim, approximate="tanh", bias=bias)
  File "/data/disk2/xby/conda_envs/tinysr/lib/python3.9/site-packages/diffusers/models/activations.py", line 78, in __init__
    self.proj = nn.Linear(dim_in, dim_out, bias=bias)
  File "/data/disk2/xby/conda_envs/tinysr/lib/python3.9/site-packages/torch/nn/modules/linear.py", line 103, in __init__
    self.reset_parameters()
  File "/data/disk2/xby/conda_envs/tinysr/lib/python3.9/site-packages/torch/nn/modules/linear.py", line 109, in reset_parameters
    init.kaiming_uniform_(self.weight, a=math.sqrt(5))
  File "/data/disk2/xby/conda_envs/tinysr/lib/python3.9/site-packages/torch/nn/init.py", line 459, in kaiming_uniform_
    return tensor.uniform_(-bound, bound, generator=generator)
KeyboardInterrupt
Traceback (most recent call last):
  File "/data/disk2/xby/conda_envs/tinysr/bin/accelerate", line 6, in <module>
    sys.exit(main())
  File "/data/disk2/xby/conda_envs/tinysr/lib/python3.9/site-packages/accelerate/commands/accelerate_cli.py", line 50, in main
    args.func(args)
  File "/data/disk2/xby/conda_envs/tinysr/lib/python3.9/site-packages/accelerate/commands/launch.py", line 1226, in launch_command
    multi_gpu_launcher(args)
  File "/data/disk2/xby/conda_envs/tinysr/lib/python3.9/site-packages/accelerate/commands/launch.py", line 853, in multi_gpu_launcher
    distrib_run.run(args)
  File "/data/disk2/xby/conda_envs/tinysr/lib/python3.9/site-packages/torch/distributed/run.py", line 803, in run
    elastic_launch(
  File "/data/disk2/xby/conda_envs/tinysr/lib/python3.9/site-packages/torch/distributed/launcher/api.py", line 135, in __call__
    return launch_agent(self._config, self._entrypoint, list(args))
  File "/data/disk2/xby/conda_envs/tinysr/lib/python3.9/site-packages/torch/distributed/launcher/api.py", line 259, in launch_agent
    result = agent.run()
  File "/data/disk2/xby/conda_envs/tinysr/lib/python3.9/site-packages/torch/distributed/elastic/metrics/api.py", line 123, in wrapper
    result = f(*args, **kwargs)
  File "/data/disk2/xby/conda_envs/tinysr/lib/python3.9/site-packages/torch/distributed/elastic/agent/server/api.py", line 727, in run
    result = self._invoke_run(role)
  File "/data/disk2/xby/conda_envs/tinysr/lib/python3.9/site-packages/torch/distributed/elastic/agent/server/api.py", line 868, in _invoke_run
    time.sleep(monitor_interval)
  File "/data/disk2/xby/conda_envs/tinysr/lib/python3.9/site-packages/torch/distributed/elastic/multiprocessing/api.py", line 62, in _terminate_process_handler
    raise SignalException(f"Process {os.getpid()} got signal: {sigval}", sigval=sigval)
torch.distributed.elastic.multiprocessing.api.SignalException: Process 2602442 got signal: 2
[2026-06-04 11:21:25,558] torch.distributed.elastic.agent.server.api: [WARNING] Received Signals.SIGINT death signal, shutting down workers
[2026-06-04 11:21:25,559] torch.distributed.elastic.multiprocessing.api: [WARNING] Sending process 2901511 closing signal SIGINT
[2026-06-04 11:21:25,560] torch.distributed.elastic.multiprocessing.api: [WARNING] Sending process 2901512 closing signal SIGINT
Traceback (most recent call last):
  File "/data/disk2/xby/TinySR/train/train_stage1.py", line 29, in <module>
    Traceback (most recent call last):
import transformers
  File "/data/disk2/xby/TinySR/train/train_stage1.py", line 26, in <module>
  File "/data/disk2/xby/conda_envs/tinysr/lib/python3.9/site-packages/transformers/__init__.py", line 26, in <module>
    import torch.nn.functional as F
  File "/data/disk2/xby/conda_envs/tinysr/lib/python3.9/site-packages/torch/__init__.py", line 1865, in <module>
    from . import dependency_versions_check
  File "/data/disk2/xby/conda_envs/tinysr/lib/python3.9/site-packages/transformers/dependency_versions_check.py", line 16, in <module>
    from torch import func as func
  File "/data/disk2/xby/conda_envs/tinysr/lib/python3.9/site-packages/torch/func/__init__.py", line 13, in <module>
    from .utils.versions import require_version, require_version_core
  File "/data/disk2/xby/conda_envs/tinysr/lib/python3.9/site-packages/transformers/utils/__init__.py", line 21, in <module>
        from huggingface_hub import get_full_repo_name  # for backward compatibilityfrom torch._functorch.batch_norm_replacement import replace_all_batch_norm_modules_

  File "<frozen importlib._bootstrap>", line 1055, in _handle_fromlist
  File "<frozen importlib._bootstrap>", line 1007, in _find_and_load
  File "/data/disk2/xby/conda_envs/tinysr/lib/python3.9/site-packages/huggingface_hub/__init__.py", line 1044, in __getattr__
  File "<frozen importlib._bootstrap>", line 982, in _find_and_load_unlocked
  File "<frozen importlib._bootstrap>", line 917, in _find_spec
  File "<frozen importlib._bootstrap>", line 874, in __enter__
KeyboardInterrupt
    submod = importlib.import_module(submod_path)
  File "/data/disk2/xby/conda_envs/tinysr/lib/python3.9/importlib/__init__.py", line 127, in import_module
    return _bootstrap._gcd_import(name[level:], package, level)
  File "/data/disk2/xby/conda_envs/tinysr/lib/python3.9/site-packages/huggingface_hub/hf_api.py", line 56, in <module>
    from ._commit_api import (
  File "/data/disk2/xby/conda_envs/tinysr/lib/python3.9/site-packages/huggingface_hub/_commit_api.py", line 20, in <module>
    from .file_download import hf_hub_url
  File "/data/disk2/xby/conda_envs/tinysr/lib/python3.9/site-packages/huggingface_hub/file_download.py", line 22, in <module>
    from ._local_folder import get_local_download_paths, read_download_metadata, write_download_metadata
  File "/data/disk2/xby/conda_envs/tinysr/lib/python3.9/site-packages/huggingface_hub/_local_folder.py", line 61, in <module>
    from .utils import WeakFileLock
  File "/data/disk2/xby/conda_envs/tinysr/lib/python3.9/site-packages/huggingface_hub/utils/__init__.py", line 39, in <module>
    from ._cache_manager import (
  File "/data/disk2/xby/conda_envs/tinysr/lib/python3.9/site-packages/huggingface_hub/utils/_cache_manager.py", line 29, in <module>
    from . import logging
  File "<frozen importlib._bootstrap>", line 1007, in _find_and_load
  File "<frozen importlib._bootstrap>", line 986, in _find_and_load_unlocked
  File "<frozen importlib._bootstrap>", line 680, in _load_unlocked
  File "<frozen importlib._bootstrap_external>", line 846, in exec_module
  File "<frozen importlib._bootstrap_external>", line 941, in get_code
  File "<frozen importlib._bootstrap_external>", line 1039, in get_data
KeyboardInterrupt
Traceback (most recent call last):
  File "/data/disk2/xby/conda_envs/tinysr/bin/accelerate", line 6, in <module>
    sys.exit(main())
  File "/data/disk2/xby/conda_envs/tinysr/lib/python3.9/site-packages/accelerate/commands/accelerate_cli.py", line 50, in main
    args.func(args)
  File "/data/disk2/xby/conda_envs/tinysr/lib/python3.9/site-packages/accelerate/commands/launch.py", line 1226, in launch_command
    multi_gpu_launcher(args)
  File "/data/disk2/xby/conda_envs/tinysr/lib/python3.9/site-packages/accelerate/commands/launch.py", line 853, in multi_gpu_launcher
    distrib_run.run(args)
  File "/data/disk2/xby/conda_envs/tinysr/lib/python3.9/site-packages/torch/distributed/run.py", line 803, in run
    elastic_launch(
  File "/data/disk2/xby/conda_envs/tinysr/lib/python3.9/site-packages/torch/distributed/launcher/api.py", line 135, in __call__
    return launch_agent(self._config, self._entrypoint, list(args))
  File "/data/disk2/xby/conda_envs/tinysr/lib/python3.9/site-packages/torch/distributed/launcher/api.py", line 259, in launch_agent
    result = agent.run()
  File "/data/disk2/xby/conda_envs/tinysr/lib/python3.9/site-packages/torch/distributed/elastic/metrics/api.py", line 123, in wrapper
    result = f(*args, **kwargs)
  File "/data/disk2/xby/conda_envs/tinysr/lib/python3.9/site-packages/torch/distributed/elastic/agent/server/api.py", line 727, in run
    result = self._invoke_run(role)
  File "/data/disk2/xby/conda_envs/tinysr/lib/python3.9/site-packages/torch/distributed/elastic/agent/server/api.py", line 868, in _invoke_run
    time.sleep(monitor_interval)
  File "/data/disk2/xby/conda_envs/tinysr/lib/python3.9/site-packages/torch/distributed/elastic/multiprocessing/api.py", line 62, in _terminate_process_handler
    raise SignalException(f"Process {os.getpid()} got signal: {sigval}", sigval=sigval)
torch.distributed.elastic.multiprocessing.api.SignalException: Process 2901280 got signal: 2
/data/disk2/xby/conda_envs/tinysr/lib/python3.9/site-packages/diffusers/models/transformers/transformer_2d.py:34: FutureWarning: `Transformer2DModelOutput` is deprecated and will be removed in version 1.0.0. Importing `Transformer2DModelOutput` from `diffusers.models.transformer_2d` is deprecated and this will be removed in a future version. Please use `from diffusers.models.modeling_outputs import Transformer2DModelOutput`, instead.
  deprecate("Transformer2DModelOutput", "1.0.0", deprecation_message)
/data/disk2/xby/conda_envs/tinysr/lib/python3.9/site-packages/diffusers/models/transformers/transformer_2d.py:34: FutureWarning: `Transformer2DModelOutput` is deprecated and will be removed in version 1.0.0. Importing `Transformer2DModelOutput` from `diffusers.models.transformer_2d` is deprecated and this will be removed in a future version. Please use `from diffusers.models.modeling_outputs import Transformer2DModelOutput`, instead.
  deprecate("Transformer2DModelOutput", "1.0.0", deprecation_message)
06/04/2026 11:21:41 - INFO - __main__ - Distributed environment: MULTI_GPU  Backend: nccl
Num processes: 2
Process index: 0
Local process index: 0
Device: cuda:0

Mixed precision type: fp16

No checkpoint found. Starting a new training run.
06/04/2026 11:21:42 - INFO - __main__ - Distributed environment: MULTI_GPU  Backend: nccl
Num processes: 2
Process index: 1
Local process index: 1
Device: cuda:1

Mixed precision type: fp16

All model checkpoint weights were used when initializing TinySD3Transformer2DModel.

Some weights of TinySD3Transformer2DModel were not initialized from the model checkpoint at checkpoint/tinybackbone/prune-12-merge-tinysr and are newly initialized: ['transformer_blocks.3.scale_msa', 'transformer_blocks.1.shift_mlp', 'transformer_blocks.3.scale_mlp', 'transformer_blocks.11.gate_msa', 'transformer_blocks.0.scale_mlp', 'transformer_blocks.2.scale_mlp', 'transformer_blocks.8.gate_msa', 'transformer_blocks.5.scale_msa', 'transformer_blocks.1.scale_msa', 'transformer_blocks.0.gate_msa', 'transformer_blocks.4.shift_mlp', 'transformer_blocks.9.scale_msa', 'transformer_blocks.2.scale_msa', 'transformer_blocks.3.gate_msa', 'transformer_blocks.0.shift_mlp', 'transformer_blocks.6.scale_msa', 'transformer_blocks.8.shift_msa', 'transformer_blocks.4.scale_msa', 'transformer_blocks.7.shift_msa', 'transformer_blocks.5.gate_mlp', 'transformer_blocks.11.scale_mlp', 'transformer_blocks.8.scale_mlp', 'transformer_blocks.3.gate_mlp', 'transformer_blocks.2.gate_msa', 'transformer_blocks.4.gate_mlp', 'transformer_blocks.6.shift_mlp', 'transformer_blocks.2.shift_msa', 'transformer_blocks.0.gate_mlp', 'transformer_blocks.10.shift_mlp', 'transformer_blocks.10.gate_mlp', 'transformer_blocks.4.gate_msa', 'transformer_blocks.1.shift_msa', 'transformer_blocks.7.shift_mlp', 'transformer_blocks.6.shift_msa', 'transformer_blocks.11.shift_mlp', 'transformer_blocks.0.scale_msa', 'transformer_blocks.11.gate_mlp', 'transformer_blocks.2.shift_mlp', 'transformer_blocks.11.scale_msa', 'transformer_blocks.7.scale_msa', 'transformer_blocks.7.scale_mlp', 'transformer_blocks.4.shift_msa', 'transformer_blocks.0.shift_msa', 'transformer_blocks.2.gate_mlp', 'transformer_blocks.6.gate_msa', 'transformer_blocks.3.shift_msa', 'transformer_blocks.10.scale_msa', 'transformer_blocks.1.scale_mlp', 'transformer_blocks.10.scale_mlp', 'transformer_blocks.7.gate_msa', 'transformer_blocks.10.gate_msa', 'transformer_blocks.9.gate_mlp', 'transformer_blocks.8.scale_msa', 'transformer_blocks.9.scale_mlp', 'transformer_blocks.5.gate_msa', 'transformer_blocks.3.shift_mlp', 'transformer_blocks.10.shift_msa', 'transformer_blocks.9.shift_mlp', 'transformer_blocks.4.scale_mlp', 'transformer_blocks.6.gate_mlp', 'scale', 'transformer_blocks.11.shift_msa', 'transformer_blocks.8.gate_mlp', 'shift', 'transformer_blocks.1.gate_mlp', 'transformer_blocks.7.gate_mlp', 'transformer_blocks.1.gate_msa', 'transformer_blocks.8.shift_mlp', 'transformer_blocks.6.scale_mlp', 'transformer_blocks.5.scale_mlp', 'transformer_blocks.9.gate_msa', 'transformer_blocks.5.shift_mlp', 'transformer_blocks.5.shift_msa', 'transformer_blocks.9.shift_msa']
You should probably TRAIN this model on a down-stream task to be able to use it for predictions and inference.
06/04/2026 11:21:51 - INFO - root - Skipping import of cpp extensions
uintx feature need torch 2.3+, please upgrade pytorch
06/04/2026 11:21:51 - INFO - root - lm_eval is not installed, GPTQ may not be usable
06/04/2026 11:21:51 - INFO - root - Skipping import of cpp extensions
uintx feature need torch 2.3+, please upgrade pytorch
06/04/2026 11:21:51 - INFO - root - lm_eval is not installed, GPTQ may not be usable
wandb: [wandb.login()] Loaded credentials for https://api.wandb.ai from /home/xby/.netrc.
[2026-06-04 11:21:55,540] torch.distributed.elastic.agent.server.api: [WARNING] Received Signals.SIGINT death signal, shutting down workers
[2026-06-04 11:21:55,552] torch.distributed.elastic.multiprocessing.api: [WARNING] Sending process 2902308 closing signal SIGINT
[2026-06-04 11:21:55,554] torch.distributed.elastic.multiprocessing.api: [WARNING] Sending process 2902309 closing signal SIGINT
Traceback (most recent call last):
  File "/data/disk2/xby/TinySR/train/train_stage1.py", line 1070, in <module>
    main(args)
  File "/data/disk2/xby/TinySR/train/train_stage1.py", line 799, in main
    accelerator.init_trackers(tracker_name, config=wandb_config,
  File "/data/disk2/xby/conda_envs/tinysr/lib/python3.9/site-packages/accelerate/accelerator.py", line 911, in _inner
    return PartialState().on_main_process(function)(*args, **kwargs)
  File "/data/disk2/xby/conda_envs/tinysr/lib/python3.9/site-packages/accelerate/accelerator.py", line 3199, in init_trackers
    tracker.start()
  File "/data/disk2/xby/conda_envs/tinysr/lib/python3.9/site-packages/accelerate/tracking.py", line 91, in execute_on_main_process
    return function(self, *args, **kwargs)
  File "/data/disk2/xby/conda_envs/tinysr/lib/python3.9/site-packages/accelerate/tracking.py", line 321, in start
    self.run = wandb.init(project=self.run_name, **self.init_kwargs)
  File "/data/disk2/xby/conda_envs/tinysr/lib/python3.9/site-packages/wandb/sdk/wandb_init.py", line 1524, in init
    wi.maybe_login(init_settings)
  File "/data/disk2/xby/conda_envs/tinysr/lib/python3.9/site-packages/wandb/sdk/wandb_init.py", line 200, in maybe_login
    wandb_login._login(
  File "/data/disk2/xby/conda_envs/tinysr/lib/python3.9/site-packages/wandb/sdk/wandb_login.py", line 204, in _login
    _print_logged_in_message(settings, host=str(host_url))
  File "/data/disk2/xby/conda_envs/tinysr/lib/python3.9/site-packages/wandb/sdk/wandb_login.py", line 319, in _print_logged_in_message
    username = singleton._get_username()
  File "/data/disk2/xby/conda_envs/tinysr/lib/python3.9/site-packages/wandb/sdk/wandb_setup.py", line 315, in _get_username
    return self.viewer.get("username")
  File "/data/disk2/xby/conda_envs/tinysr/lib/python3.9/site-packages/wandb/sdk/wandb_setup.py", line 330, in viewer
    return self._server.viewer
  File "/data/disk2/xby/conda_envs/tinysr/lib/python3.9/site-packages/wandb/sdk/lib/server.py", line 57, in viewer
    self.query_with_timeout()
  File "/data/disk2/xby/conda_envs/tinysr/lib/python3.9/site-packages/wandb/sdk/lib/server.py", line 32, in query_with_timeout
    viewer_tuple, viewer_thread = async_viewer()
  File "/data/disk2/xby/conda_envs/tinysr/lib/python3.9/site-packages/wandb/util.py", line 1279, in wrapper
    result = q.get(True, timeout)
  File "/data/disk2/xby/conda_envs/tinysr/lib/python3.9/queue.py", line 180, in get
    self.not_empty.wait(remaining)
  File "/data/disk2/xby/conda_envs/tinysr/lib/python3.9/threading.py", line 316, in wait
    gotit = waiter.acquire(True, timeout)
KeyboardInterrupt
